// Jest Snapshot v1, https://goo.gl/fbAQLP

exports[`Card renders correctly 1`] = `"<div><div class=\\"css-y56fiv\\"><div class=\\"sc-bdvvaa cCPIja\\"><img src=\\"https://s3-us-west-2.amazonaws.com/cdn.simplyrets.com/properties/trial/home9.jpg\\" class=\\"sc-gsDJrp iVqxz\\"><button class=\\"sc-hKwCoD dhQWTK\\"><img src=\\"heart-stroke.svg\\" class=\\"sc-dkPtyc dJRmjJ App-logo\\" alt=\\"unfavorite icon\\"></button></div><div class=\\"css-16vu25q\\"><h5 class=\\"sc-eCImvq ggLqDI\\">2 BR | 8 Bath | 1043 Sq Ft</h5><p class=\\"sc-jRQAMF bJtMHv\\">$20,714,261</p><p class=\\"sc-gKckTs cqywqJ\\">74434 East Sweet Bottom Br #18393, Houston, Texas</p><p class=\\"sc-iCfLBT jAgeRn\\">listed on 5/23/11</p></div></div></div>"`;

exports[`Card renders correctly 2`] = `"<div><div class=\\"css-y56fiv\\"><div class=\\"sc-bdvvaa cCPIja\\"><img src=\\"https://s3-us-west-2.amazonaws.com/cdn.simplyrets.com/properties/trial/home9.jpg\\" class=\\"sc-gsDJrp iVqxz\\"><button class=\\"sc-hKwCoD dhQWTK\\"><img src=\\"heart-stroke.svg\\" class=\\"sc-dkPtyc dJRmjJ App-logo\\" alt=\\"unfavorite icon\\"></button></div><div class=\\"css-16vu25q\\"><h5 class=\\"sc-eCImvq ggLqDI\\">2 BR | 8 Bath | 1043 Sq Ft</h5><p class=\\"sc-jRQAMF bJtMHv\\">$20,714,261</p><p class=\\"sc-gKckTs cqywqJ\\">74434 East Sweet Bottom Br #18393, Houston, Texas</p><p class=\\"sc-iCfLBT jAgeRn\\">listed on 5/23/11</p></div></div></div><div><div class=\\"css-y56fiv\\"><div class=\\"sc-bdvvaa cCPIja\\"><img src=\\"https://s3-us-west-2.amazonaws.com/cdn.simplyrets.com/properties/trial/home9.jpg\\" class=\\"sc-gsDJrp iVqxz\\"><button class=\\"sc-hKwCoD dhQWTK\\"><img src=\\"heart-fill.svg\\" class=\\"sc-dkPtyc dJRmjJ App-logo\\" alt=\\"favorite icon\\"></button></div><div class=\\"css-16vu25q\\"><h5 class=\\"sc-eCImvq ggLqDI\\">2 BR | 8 Bath | 1043 Sq Ft</h5><p class=\\"sc-jRQAMF bJtMHv\\">$20,714,261</p><p class=\\"sc-gKckTs cqywqJ\\">74434 East Sweet Bottom Br #18393, Houston, Texas</p><p class=\\"sc-iCfLBT jAgeRn\\">listed on 5/23/11</p></div></div></div>"`;
